A51 MACRO ASSEMBLER  DELAY_1_SECOND                                                       06/07/2023 22:31:51 PAGE     1


MACRO ASSEMBLER A51 V8.2.7.0
OBJECT MODULE PLACED IN .\Objects\Delay_1_Second.obj
ASSEMBLER INVOKED BY: C:\Keil_v5\C51\BIN\A51.EXE Delay_1_Second.a51 SET(SMALL) DEBUG PRINT(.\Listings\Delay_1_Second.lst
                      ) OBJECT(.\Objects\Delay_1_Second.obj) EP

LOC  OBJ            LINE     SOURCE

0000                   1     ORG 00H
0000 802E              2     SJMP MAIN
0030                   3     ORG 030H
0030                   4     MAIN:
0030 1134              5         CALL GO
0032 80FE              6     HERE:SJMP HERE
0034                   7     GO:
0034 75900F            8        MOV P1,#0FH
0037 113D              9     CALL DELAY
0039 759000           10       MOV P1,#00H
003C 22               11       RET
003D                  12     DELAY:
003D 752005           13                      A6:MOV 20H,#05H
0040 752102           14                     A5:MOV 21H,#02H
0043 7522FF           15                     A4:MOV 22H,#0FFH
0046 752305           16                     A3:MOV 23H,#05H
0049 7F00             17                     A2: MOV R7,#00H
004B 0F               18                     A1:INC R7
004C BFFFFC           19                     CJNE R7,#0FFH,A1
004F D523F7           20                     DJNZ 23H,A2
0052 D522F1           21                     DJNZ 22H,A3
0055 D521EB           22                     DJNZ 21H,A4
0058 D520E5           23                     DJNZ 20H,A5
005B 22               24                     RET
                      25             END
A51 MACRO ASSEMBLER  DELAY_1_SECOND                                                       06/07/2023 22:31:51 PAGE     2

SYMBOL TABLE LISTING
------ ----- -------


N A M E             T Y P E  V A L U E   ATTRIBUTES

A1 . . . . . . . .  C ADDR   004BH   A   
A2 . . . . . . . .  C ADDR   0049H   A   
A3 . . . . . . . .  C ADDR   0046H   A   
A4 . . . . . . . .  C ADDR   0043H   A   
A5 . . . . . . . .  C ADDR   0040H   A   
A6 . . . . . . . .  C ADDR   003DH   A   
DELAY. . . . . . .  C ADDR   003DH   A   
GO . . . . . . . .  C ADDR   0034H   A   
HERE . . . . . . .  C ADDR   0032H   A   
MAIN . . . . . . .  C ADDR   0030H   A   
P1 . . . . . . . .  D ADDR   0090H   A   


REGISTER BANK(S) USED: 0 


ASSEMBLY COMPLETE.  0 WARNING(S), 0 ERROR(S)
